[DATA_POINT]
1="tcp_connect"
2="tcp_connection_count"
3="mic_recv"
4="HTTP_200"
5="tcp_shutdown"
6="HTTP_500"
[END_TRANSACTION]
10="index_Action_8"
11="login_trans"
12="index_trans"
13="Action_Transaction"
14="http://127.0.0.1:1080/cgi-bin/login.pl"
15="http://127.0.0.1:1080/WebTours/images/itinerary.gif"
16="http://127.0.0.1:1080/WebTours/images/in_home.gif"
17="http://127.0.0.1:1080/WebTours/images/signoff.gif"
18="http://127.0.0.1:1080/cgi-bin/nav.pl?page=menu&in=home"
19="http://127.0.0.1:1080/cgi-bin/login.pl?intro=true"
1="vuser_init_Transaction"
2="http://127.0.0.1:1080/WebTours/"
3="http://127.0.0.1:1080/WebTours/header.html"
4="http://127.0.0.1:1080/WebTours/images/hp_logo.png"
5="http://127.0.0.1:1080/WebTours/images/webtours.png"
6="http://127.0.0.1:1080/cgi-bin/welcome.pl?signOff=true"
20="http://127.0.0.1:1080/WebTours/images/flights.gif"
7="http://127.0.0.1:1080/WebTours/home.html"
21="login_Action_22"
8="http://127.0.0.1:1080/WebTours/images/mer_login.gif"
22="vuser_end_Transaction"
9="http://127.0.0.1:1080/cgi-bin/nav.pl?in=home"
